[TIMESTAMP: 1787843940] [ERROR: SVI-L101] [DETAILS: Circular tracking loop flagged.]
RAW_TEXT: "The simulation outputs definitively confirm that the core parameters of our climate model are correct."
--------------------------------------------------------
[TIMESTAMP: 1787853432] [ERROR: SVI-L402] [PARAGRAPH: 1] [DETAILS: Unhedged deterministic timeline overreach.]
RAW_TEXT: "Our computer models predict a 2°C temperature increase will trigger a 30% collapse in regional crop yields by the year 2060."
--------------------------------------------------------
[TIMESTAMP: 1787853433] [ERROR: SVI-L101] [PARAGRAPH: 3] [DETAILS: Circular reasoning pattern identified.]
RAW_TEXT: "The simulation outputs definitively confirm that the core parameters of our climate model are correct."
--------------------------------------------------------
[TIMESTAMP: 1787853433] [ERROR: SVI-L201] [PARAGRAPH: 4] [DETAILS: Absolute outcome claimed with zero explicit parameter metrics.]
RAW_TEXT: "Regional infrastructure will completely fail by mid-century."
--------------------------------------------------------
[TIMESTAMP: 1787853437] [ERROR: SVI-L402] [PARAGRAPH: 1] [DETAILS: Unhedged deterministic timeline overreach.]
RAW_TEXT: "Our computer models predict a 2°C temperature increase will trigger a 30% collapse in regional crop yields by the year 2060."
--------------------------------------------------------
[TIMESTAMP: 1787853437] [ERROR: SVI-L101] [PARAGRAPH: 3] [DETAILS: Circular reasoning pattern identified.]
RAW_TEXT: "The simulation outputs definitively confirm that the core parameters of our climate model are correct."
--------------------------------------------------------
[TIMESTAMP: 1787853437] [ERROR: SVI-L201] [PARAGRAPH: 4] [DETAILS: Absolute outcome claimed with zero explicit parameter metrics.]
RAW_TEXT: "Regional infrastructure will completely fail by mid-century."
--------------------------------------------------------
[TIMESTAMP: 1787853442] [ERROR: SVI-L402] [PARAGRAPH: 1] [DETAILS: Unhedged deterministic timeline overreach.]
RAW_TEXT: "Our computer models predict a 2°C temperature increase will trigger a 30% collapse in regional crop yields by the year 2060."
--------------------------------------------------------
[TIMESTAMP: 1787853442] [ERROR: SVI-L101] [PARAGRAPH: 3] [DETAILS: Circular reasoning pattern identified.]
RAW_TEXT: "The simulation outputs definitively confirm that the core parameters of our climate model are correct."
--------------------------------------------------------
[TIMESTAMP: 1787853442] [ERROR: SVI-L201] [PARAGRAPH: 4] [DETAILS: Absolute outcome claimed with zero explicit parameter metrics.]
RAW_TEXT: "Regional infrastructure will completely fail by mid-century."
--------------------------------------------------------
[TIMESTAMP: 1787853447] [ERROR: SVI-L402] [PARAGRAPH: 1] [DETAILS: Unhedged deterministic timeline overreach.]
RAW_TEXT: "Our computer models predict a 2°C temperature increase will trigger a 30% collapse in regional crop yields by the year 2060."
--------------------------------------------------------
[TIMESTAMP: 1787853447] [ERROR: SVI-L101] [PARAGRAPH: 3] [DETAILS: Circular reasoning pattern identified.]
RAW_TEXT: "The simulation outputs definitively confirm that the core parameters of our climate model are correct."
--------------------------------------------------------
[TIMESTAMP: 1787853447] [ERROR: SVI-L201] [PARAGRAPH: 4] [DETAILS: Absolute outcome claimed with zero explicit parameter metrics.]
RAW_TEXT: "Regional infrastructure will completely fail by mid-century."
--------------------------------------------------------
[TIMESTAMP: 1787853452] [ERROR: SVI-L402] [PARAGRAPH: 1] [DETAILS: Unhedged deterministic timeline overreach.]
RAW_TEXT: "Our computer models predict a 2°C temperature increase will trigger a 30% collapse in regional crop yields by the year 2060."
--------------------------------------------------------
[TIMESTAMP: 1787853452] [ERROR: SVI-L101] [PARAGRAPH: 3] [DETAILS: Circular reasoning pattern identified.]
RAW_TEXT: "The simulation outputs definitively confirm that the core parameters of our climate model are correct."
--------------------------------------------------------
[TIMESTAMP: 1787853452] [ERROR: SVI-L201] [PARAGRAPH: 4] [DETAILS: Absolute outcome claimed with zero explicit parameter metrics.]
RAW_TEXT: "Regional infrastructure will completely fail by mid-century."
--------------------------------------------------------
[TIMESTAMP: 1787853457] [ERROR: SVI-L402] [PARAGRAPH: 1] [DETAILS: Unhedged deterministic timeline overreach.]
RAW_TEXT: "Our computer models predict a 2°C temperature increase will trigger a 30% collapse in regional crop yields by the year 2060."
--------------------------------------------------------
[TIMESTAMP: 1787853457] [ERROR: SVI-L101] [PARAGRAPH: 3] [DETAILS: Circular reasoning pattern identified.]
RAW_TEXT: "The simulation outputs definitively confirm that the core parameters of our climate model are correct."
--------------------------------------------------------
[TIMESTAMP: 1787853457] [ERROR: SVI-L201] [PARAGRAPH: 4] [DETAILS: Absolute outcome claimed with zero explicit parameter metrics.]
RAW_TEXT: "Regional infrastructure will completely fail by mid-century."
--------------------------------------------------------
[TIMESTAMP: 1787853465] [ERROR: SVI-L402] [PARAGRAPH: 1] [DETAILS: Unhedged deterministic timeline overreach.]
RAW_TEXT: "Our computer models predict a 2°C temperature increase will trigger a 30% collapse in regional crop yields by the year 2060."
--------------------------------------------------------
[TIMESTAMP: 1787853465] [ERROR: SVI-L101] [PARAGRAPH: 3] [DETAILS: Circular reasoning pattern identified.]
RAW_TEXT: "The simulation outputs definitively confirm that the core parameters of our climate model are correct."
--------------------------------------------------------
[TIMESTAMP: 1787853465] [ERROR: SVI-L201] [PARAGRAPH: 4] [DETAILS: Absolute outcome claimed with zero explicit parameter metrics.]
RAW_TEXT: "Regional infrastructure will completely fail by mid-century."
--------------------------------------------------------
[TIMESTAMP: 1787853473] [ERROR: SVI-L402] [PARAGRAPH: 1] [DETAILS: Unhedged deterministic timeline overreach.]
RAW_TEXT: "Our computer models predict a 2°C temperature increase will trigger a 30% collapse in regional crop yields by the year 2060."
--------------------------------------------------------
[TIMESTAMP: 1787853473] [ERROR: SVI-L101] [PARAGRAPH: 3] [DETAILS: Circular reasoning pattern identified.]
RAW_TEXT: "The simulation outputs definitively confirm that the core parameters of our climate model are correct."
--------------------------------------------------------
[TIMESTAMP: 1787853473] [ERROR: SVI-L201] [PARAGRAPH: 4] [DETAILS: Absolute outcome claimed with zero explicit parameter metrics.]
RAW_TEXT: "Regional infrastructure will completely fail by mid-century."
--------------------------------------------------------
[TIMESTAMP: 1787853481] [ERROR: SVI-L402] [PARAGRAPH: 1] [DETAILS: Unhedged deterministic timeline overreach.]
RAW_TEXT: "Our computer models predict a 2°C temperature increase will trigger a 30% collapse in regional crop yields by the year 2060."
--------------------------------------------------------
[TIMESTAMP: 1787853481] [ERROR: SVI-L101] [PARAGRAPH: 3] [DETAILS: Circular reasoning pattern identified.]
RAW_TEXT: "The simulation outputs definitively confirm that the core parameters of our climate model are correct."
--------------------------------------------------------
[TIMESTAMP: 1787853481] [ERROR: SVI-L201] [PARAGRAPH: 4] [DETAILS: Absolute outcome claimed with zero explicit parameter metrics.]
RAW_TEXT: "Regional infrastructure will completely fail by mid-century."
--------------------------------------------------------
[TIMESTAMP: 1787853488] [ERROR: SVI-L402] [PARAGRAPH: 1] [DETAILS: Unhedged deterministic timeline overreach.]
RAW_TEXT: "Our computer models predict a 2°C temperature increase will trigger a 30% collapse in regional crop yields by the year 2060."
--------------------------------------------------------
[TIMESTAMP: 1787853488] [ERROR: SVI-L101] [PARAGRAPH: 3] [DETAILS: Circular reasoning pattern identified.]
RAW_TEXT: "The simulation outputs definitively confirm that the core parameters of our climate model are correct."
--------------------------------------------------------
[TIMESTAMP: 1787853488] [ERROR: SVI-L201] [PARAGRAPH: 4] [DETAILS: Absolute outcome claimed with zero explicit parameter metrics.]
RAW_TEXT: "Regional infrastructure will completely fail by mid-century."
--------------------------------------------------------
[TIMESTAMP: 1787853493] [ERROR: SVI-L402] [PARAGRAPH: 1] [DETAILS: Unhedged deterministic timeline overreach.]
RAW_TEXT: "Our computer models predict a 2°C temperature increase will trigger a 30% collapse in regional crop yields by the year 2060."
--------------------------------------------------------
[TIMESTAMP: 1787853493] [ERROR: SVI-L101] [PARAGRAPH: 3] [DETAILS: Circular reasoning pattern identified.]
RAW_TEXT: "The simulation outputs definitively confirm that the core parameters of our climate model are correct."
--------------------------------------------------------
[TIMESTAMP: 1787853493] [ERROR: SVI-L201] [PARAGRAPH: 4] [DETAILS: Absolute outcome claimed with zero explicit parameter metrics.]
RAW_TEXT: "Regional infrastructure will completely fail by mid-century."
--------------------------------------------------------
[TIMESTAMP: 1787853498] [ERROR: SVI-L402] [PARAGRAPH: 1] [DETAILS: Unhedged deterministic timeline overreach.]
RAW_TEXT: "Our computer models predict a 2°C temperature increase will trigger a 30% collapse in regional crop yields by the year 2060."
--------------------------------------------------------
[TIMESTAMP: 1787853498] [ERROR: SVI-L101] [PARAGRAPH: 3] [DETAILS: Circular reasoning pattern identified.]
RAW_TEXT: "The simulation outputs definitively confirm that the core parameters of our climate model are correct."
--------------------------------------------------------
[TIMESTAMP: 1787853498] [ERROR: SVI-L201] [PARAGRAPH: 4] [DETAILS: Absolute outcome claimed with zero explicit parameter metrics.]
RAW_TEXT: "Regional infrastructure will completely fail by mid-century."
--------------------------------------------------------
[TIMESTAMP: 1787853508] [ERROR: SVI-L402] [PARAGRAPH: 1] [DETAILS: Unhedged deterministic timeline overreach.]
RAW_TEXT: "Our computer models predict a 2°C temperature increase will trigger a 30% collapse in regional crop yields by the year 2060."
--------------------------------------------------------
[TIMESTAMP: 1787853508] [ERROR: SVI-L101] [PARAGRAPH: 3] [DETAILS: Circular reasoning pattern identified.]
RAW_TEXT: "The simulation outputs definitively confirm that the core parameters of our climate model are correct."
--------------------------------------------------------
[TIMESTAMP: 1787853508] [ERROR: SVI-L201] [PARAGRAPH: 4] [DETAILS: Absolute outcome claimed with zero explicit parameter metrics.]
RAW_TEXT: "Regional infrastructure will completely fail by mid-century."
--------------------------------------------------------
[TIMESTAMP: 1787853514] [ERROR: SVI-L402] [PARAGRAPH: 1] [DETAILS: Unhedged deterministic timeline overreach.]
RAW_TEXT: "Our computer models predict a 2°C temperature increase will trigger a 30% collapse in regional crop yields by the year 2060."
--------------------------------------------------------
[TIMESTAMP: 1787853514] [ERROR: SVI-L101] [PARAGRAPH: 3] [DETAILS: Circular reasoning pattern identified.]
RAW_TEXT: "The simulation outputs definitively confirm that the core parameters of our climate model are correct."
--------------------------------------------------------
[TIMESTAMP: 1787853514] [ERROR: SVI-L201] [PARAGRAPH: 4] [DETAILS: Absolute outcome claimed with zero explicit parameter metrics.]
RAW_TEXT: "Regional infrastructure will completely fail by mid-century."
--------------------------------------------------------
[TIMESTAMP: 1787853519] [ERROR: SVI-L402] [PARAGRAPH: 1] [DETAILS: Unhedged deterministic timeline overreach.]
RAW_TEXT: "Our computer models predict a 2°C temperature increase will trigger a 30% collapse in regional crop yields by the year 2060."
--------------------------------------------------------
[TIMESTAMP: 1787853519] [ERROR: SVI-L101] [PARAGRAPH: 3] [DETAILS: Circular reasoning pattern identified.]
RAW_TEXT: "The simulation outputs definitively confirm that the core parameters of our climate model are correct."
--------------------------------------------------------
[TIMESTAMP: 1787853519] [ERROR: SVI-L201] [PARAGRAPH: 4] [DETAILS: Absolute outcome claimed with zero explicit parameter metrics.]
RAW_TEXT: "Regional infrastructure will completely fail by mid-century."
--------------------------------------------------------
[TIMESTAMP: 1787853525] [ERROR: SVI-L402] [PARAGRAPH: 1] [DETAILS: Unhedged deterministic timeline overreach.]
RAW_TEXT: "Our computer models predict a 2°C temperature increase will trigger a 30% collapse in regional crop yields by the year 2060."
--------------------------------------------------------
[TIMESTAMP: 1787853525] [ERROR: SVI-L101] [PARAGRAPH: 3] [DETAILS: Circular reasoning pattern identified.]
RAW_TEXT: "The simulation outputs definitively confirm that the core parameters of our climate model are correct."
--------------------------------------------------------
[TIMESTAMP: 1787853525] [ERROR: SVI-L201] [PARAGRAPH: 4] [DETAILS: Absolute outcome claimed with zero explicit parameter metrics.]
RAW_TEXT: "Regional infrastructure will completely fail by mid-century."
--------------------------------------------------------
[TIMESTAMP: 1787853531] [ERROR: SVI-L402] [PARAGRAPH: 1] [DETAILS: Unhedged deterministic timeline overreach.]
RAW_TEXT: "Our computer models predict a 2°C temperature increase will trigger a 30% collapse in regional crop yields by the year 2060."
--------------------------------------------------------
[TIMESTAMP: 1787853531] [ERROR: SVI-L101] [PARAGRAPH: 3] [DETAILS: Circular reasoning pattern identified.]
RAW_TEXT: "The simulation outputs definitively confirm that the core parameters of our climate model are correct."
--------------------------------------------------------
[TIMESTAMP: 1787853531] [ERROR: SVI-L201] [PARAGRAPH: 4] [DETAILS: Absolute outcome claimed with zero explicit parameter metrics.]
RAW_TEXT: "Regional infrastructure will completely fail by mid-century."
--------------------------------------------------------
[TIMESTAMP: 1787853537] [ERROR: SVI-L402] [PARAGRAPH: 1] [DETAILS: Unhedged deterministic timeline overreach.]
RAW_TEXT: "Our computer models predict a 2°C temperature increase will trigger a 30% collapse in regional crop yields by the year 2060."
--------------------------------------------------------
[TIMESTAMP: 1787853537] [ERROR: SVI-L101] [PARAGRAPH: 3] [DETAILS: Circular reasoning pattern identified.]
RAW_TEXT: "The simulation outputs definitively confirm that the core parameters of our climate model are correct."
--------------------------------------------------------
[TIMESTAMP: 1787853537] [ERROR: SVI-L201] [PARAGRAPH: 4] [DETAILS: Absolute outcome claimed with zero explicit parameter metrics.]
RAW_TEXT: "Regional infrastructure will completely fail by mid-century."
--------------------------------------------------------
[TIMESTAMP: 1787853541] [ERROR: SVI-L402] [PARAGRAPH: 1] [DETAILS: Unhedged deterministic timeline overreach.]
RAW_TEXT: "Our computer models predict a 2°C temperature increase will trigger a 30% collapse in regional crop yields by the year 2060."
--------------------------------------------------------
[TIMESTAMP: 1787853541] [ERROR: SVI-L101] [PARAGRAPH: 3] [DETAILS: Circular reasoning pattern identified.]
RAW_TEXT: "The simulation outputs definitively confirm that the core parameters of our climate model are correct."
--------------------------------------------------------
[TIMESTAMP: 1787853541] [ERROR: SVI-L201] [PARAGRAPH: 4] [DETAILS: Absolute outcome claimed with zero explicit parameter metrics.]
RAW_TEXT: "Regional infrastructure will completely fail by mid-century."
--------------------------------------------------------
[TIMESTAMP: 1787853550] [ERROR: SVI-L402] [PARAGRAPH: 1] [DETAILS: Unhedged deterministic timeline overreach.]
RAW_TEXT: "Our computer models predict a 2°C temperature increase will trigger a 30% collapse in regional crop yields by the year 2060."
--------------------------------------------------------
[TIMESTAMP: 1787853550] [ERROR: SVI-L101] [PARAGRAPH: 3] [DETAILS: Circular reasoning pattern identified.]
RAW_TEXT: "The simulation outputs definitively confirm that the core parameters of our climate model are correct."
--------------------------------------------------------
[TIMESTAMP: 1787853550] [ERROR: SVI-L201] [PARAGRAPH: 4] [DETAILS: Absolute outcome claimed with zero explicit parameter metrics.]
RAW_TEXT: "Regional infrastructure will completely fail by mid-century."
--------------------------------------------------------
[TIMESTAMP: 1787853556] [ERROR: SVI-L402] [PARAGRAPH: 1] [DETAILS: Unhedged deterministic timeline overreach.]
RAW_TEXT: "Our computer models predict a 2°C temperature increase will trigger a 30% collapse in regional crop yields by the year 2060."
--------------------------------------------------------
[TIMESTAMP: 1787853556] [ERROR: SVI-L101] [PARAGRAPH: 3] [DETAILS: Circular reasoning pattern identified.]
RAW_TEXT: "The simulation outputs definitively confirm that the core parameters of our climate model are correct."
--------------------------------------------------------
[TIMESTAMP: 1787853556] [ERROR: SVI-L201] [PARAGRAPH: 4] [DETAILS: Absolute outcome claimed with zero explicit parameter metrics.]
RAW_TEXT: "Regional infrastructure will completely fail by mid-century."
--------------------------------------------------------
[TIMESTAMP: 1787853561] [ERROR: SVI-L402] [PARAGRAPH: 1] [DETAILS: Unhedged deterministic timeline overreach.]
RAW_TEXT: "Our computer models predict a 2°C temperature increase will trigger a 30% collapse in regional crop yields by the year 2060."
--------------------------------------------------------
[TIMESTAMP: 1787853561] [ERROR: SVI-L101] [PARAGRAPH: 3] [DETAILS: Circular reasoning pattern identified.]
RAW_TEXT: "The simulation outputs definitively confirm that the core parameters of our climate model are correct."
--------------------------------------------------------
[TIMESTAMP: 1787853561] [ERROR: SVI-L201] [PARAGRAPH: 4] [DETAILS: Absolute outcome claimed with zero explicit parameter metrics.]
RAW_TEXT: "Regional infrastructure will completely fail by mid-century."
--------------------------------------------------------
[TIMESTAMP: 1787853567] [ERROR: SVI-L402] [PARAGRAPH: 1] [DETAILS: Unhedged deterministic timeline overreach.]
RAW_TEXT: "Our computer models predict a 2°C temperature increase will trigger a 30% collapse in regional crop yields by the year 2060."
--------------------------------------------------------
[TIMESTAMP: 1787853567] [ERROR: SVI-L101] [PARAGRAPH: 3] [DETAILS: Circular reasoning pattern identified.]
RAW_TEXT: "The simulation outputs definitively confirm that the core parameters of our climate model are correct."
--------------------------------------------------------
[TIMESTAMP: 1787853567] [ERROR: SVI-L201] [PARAGRAPH: 4] [DETAILS: Absolute outcome claimed with zero explicit parameter metrics.]
RAW_TEXT: "Regional infrastructure will completely fail by mid-century."
--------------------------------------------------------
[TIMESTAMP: 1787853575] [ERROR: SVI-L402] [PARAGRAPH: 1] [DETAILS: Unhedged deterministic timeline overreach.]
RAW_TEXT: "Our computer models predict a 2°C temperature increase will trigger a 30% collapse in regional crop yields by the year 2060."
--------------------------------------------------------
[TIMESTAMP: 1787853575] [ERROR: SVI-L101] [PARAGRAPH: 3] [DETAILS: Circular reasoning pattern identified.]
RAW_TEXT: "The simulation outputs definitively confirm that the core parameters of our climate model are correct."
--------------------------------------------------------
[TIMESTAMP: 1787853575] [ERROR: SVI-L201] [PARAGRAPH: 4] [DETAILS: Absolute outcome claimed with zero explicit parameter metrics.]
RAW_TEXT: "Regional infrastructure will completely fail by mid-century."
--------------------------------------------------------
[TIMESTAMP: 1787853580] [ERROR: SVI-L402] [PARAGRAPH: 1] [DETAILS: Unhedged deterministic timeline overreach.]
RAW_TEXT: "Our computer models predict a 2°C temperature increase will trigger a 30% collapse in regional crop yields by the year 2060."
--------------------------------------------------------
[TIMESTAMP: 1787853580] [ERROR: SVI-L101] [PARAGRAPH: 3] [DETAILS: Circular reasoning pattern identified.]
RAW_TEXT: "The simulation outputs definitively confirm that the core parameters of our climate model are correct."
--------------------------------------------------------
[TIMESTAMP: 1787853580] [ERROR: SVI-L201] [PARAGRAPH: 4] [DETAILS: Absolute outcome claimed with zero explicit parameter metrics.]
RAW_TEXT: "Regional infrastructure will completely fail by mid-century."
--------------------------------------------------------
[TIMESTAMP: 1787853587] [ERROR: SVI-L402] [PARAGRAPH: 1] [DETAILS: Unhedged deterministic timeline overreach.]
RAW_TEXT: "Our computer models predict a 2°C temperature increase will trigger a 30% collapse in regional crop yields by the year 2060."
--------------------------------------------------------
[TIMESTAMP: 1787853587] [ERROR: SVI-L101] [PARAGRAPH: 3] [DETAILS: Circular reasoning pattern identified.]
RAW_TEXT: "The simulation outputs definitively confirm that the core parameters of our climate model are correct."
--------------------------------------------------------
[TIMESTAMP: 1787853587] [ERROR: SVI-L201] [PARAGRAPH: 4] [DETAILS: Absolute outcome claimed with zero explicit parameter metrics.]
RAW_TEXT: "Regional infrastructure will completely fail by mid-century."
--------------------------------------------------------
[TIMESTAMP: 1787853591] [ERROR: SVI-L402] [PARAGRAPH: 1] [DETAILS: Unhedged deterministic timeline overreach.]
RAW_TEXT: "Our computer models predict a 2°C temperature increase will trigger a 30% collapse in regional crop yields by the year 2060."
--------------------------------------------------------
[TIMESTAMP: 1787853591] [ERROR: SVI-L101] [PARAGRAPH: 3] [DETAILS: Circular reasoning pattern identified.]
RAW_TEXT: "The simulation outputs definitively confirm that the core parameters of our climate model are correct."
--------------------------------------------------------
[TIMESTAMP: 1787853591] [ERROR: SVI-L201] [PARAGRAPH: 4] [DETAILS: Absolute outcome claimed with zero explicit parameter metrics.]
RAW_TEXT: "Regional infrastructure will completely fail by mid-century."
--------------------------------------------------------
[TIMESTAMP: 1787853598] [ERROR: SVI-L402] [PARAGRAPH: 1] [DETAILS: Unhedged deterministic timeline overreach.]
RAW_TEXT: "Our computer models predict a 2°C temperature increase will trigger a 30% collapse in regional crop yields by the year 2060."
--------------------------------------------------------
[TIMESTAMP: 1787853598] [ERROR: SVI-L101] [PARAGRAPH: 3] [DETAILS: Circular reasoning pattern identified.]
RAW_TEXT: "The simulation outputs definitively confirm that the core parameters of our climate model are correct."
--------------------------------------------------------
[TIMESTAMP: 1787853598] [ERROR: SVI-L201] [PARAGRAPH: 4] [DETAILS: Absolute outcome claimed with zero explicit parameter metrics.]
RAW_TEXT: "Regional infrastructure will completely fail by mid-century."
--------------------------------------------------------
[TIMESTAMP: 1787853603] [ERROR: SVI-L402] [PARAGRAPH: 1] [DETAILS: Unhedged deterministic timeline overreach.]
RAW_TEXT: "Our computer models predict a 2°C temperature increase will trigger a 30% collapse in regional crop yields by the year 2060."
--------------------------------------------------------
[TIMESTAMP: 1787853603] [ERROR: SVI-L101] [PARAGRAPH: 3] [DETAILS: Circular reasoning pattern identified.]
RAW_TEXT: "The simulation outputs definitively confirm that the core parameters of our climate model are correct."
--------------------------------------------------------
[TIMESTAMP: 1787853603] [ERROR: SVI-L201] [PARAGRAPH: 4] [DETAILS: Absolute outcome claimed with zero explicit parameter metrics.]
RAW_TEXT: "Regional infrastructure will completely fail by mid-century."
--------------------------------------------------------
[TIMESTAMP: 1787853608] [ERROR: SVI-L402] [PARAGRAPH: 1] [DETAILS: Unhedged deterministic timeline overreach.]
RAW_TEXT: "Our computer models predict a 2°C temperature increase will trigger a 30% collapse in regional crop yields by the year 2060."
--------------------------------------------------------
[TIMESTAMP: 1787853608] [ERROR: SVI-L101] [PARAGRAPH: 3] [DETAILS: Circular reasoning pattern identified.]
RAW_TEXT: "The simulation outputs definitively confirm that the core parameters of our climate model are correct."
--------------------------------------------------------
[TIMESTAMP: 1787853608] [ERROR: SVI-L201] [PARAGRAPH: 4] [DETAILS: Absolute outcome claimed with zero explicit parameter metrics.]
RAW_TEXT: "Regional infrastructure will completely fail by mid-century."
--------------------------------------------------------
[TIMESTAMP: 1787853614] [ERROR: SVI-L402] [PARAGRAPH: 1] [DETAILS: Unhedged deterministic timeline overreach.]
RAW_TEXT: "Our computer models predict a 2°C temperature increase will trigger a 30% collapse in regional crop yields by the year 2060."
--------------------------------------------------------
[TIMESTAMP: 1787853614] [ERROR: SVI-L101] [PARAGRAPH: 3] [DETAILS: Circular reasoning pattern identified.]
RAW_TEXT: "The simulation outputs definitively confirm that the core parameters of our climate model are correct."
--------------------------------------------------------
[TIMESTAMP: 1787853614] [ERROR: SVI-L201] [PARAGRAPH: 4] [DETAILS: Absolute outcome claimed with zero explicit parameter metrics.]
RAW_TEXT: "Regional infrastructure will completely fail by mid-century."
--------------------------------------------------------
[TIMESTAMP: 1787853619] [ERROR: SVI-L402] [PARAGRAPH: 1] [DETAILS: Unhedged deterministic timeline overreach.]
RAW_TEXT: "Our computer models predict a 2°C temperature increase will trigger a 30% collapse in regional crop yields by the year 2060."
--------------------------------------------------------
[TIMESTAMP: 1787853619] [ERROR: SVI-L101] [PARAGRAPH: 3] [DETAILS: Circular reasoning pattern identified.]
RAW_TEXT: "The simulation outputs definitively confirm that the core parameters of our climate model are correct."
--------------------------------------------------------
[TIMESTAMP: 1787853619] [ERROR: SVI-L201] [PARAGRAPH: 4] [DETAILS: Absolute outcome claimed with zero explicit parameter metrics.]
RAW_TEXT: "Regional infrastructure will completely fail by mid-century."
--------------------------------------------------------
[TIMESTAMP: 1787853624] [ERROR: SVI-L402] [PARAGRAPH: 1] [DETAILS: Unhedged deterministic timeline overreach.]
RAW_TEXT: "Our computer models predict a 2°C temperature increase will trigger a 30% collapse in regional crop yields by the year 2060."
--------------------------------------------------------
[TIMESTAMP: 1787853624] [ERROR: SVI-L101] [PARAGRAPH: 3] [DETAILS: Circular reasoning pattern identified.]
RAW_TEXT: "The simulation outputs definitively confirm that the core parameters of our climate model are correct."
--------------------------------------------------------
[TIMESTAMP: 1787853624] [ERROR: SVI-L201] [PARAGRAPH: 4] [DETAILS: Absolute outcome claimed with zero explicit parameter metrics.]
RAW_TEXT: "Regional infrastructure will completely fail by mid-century."
--------------------------------------------------------
[TIMESTAMP: 1787853629] [ERROR: SVI-L402] [PARAGRAPH: 1] [DETAILS: Unhedged deterministic timeline overreach.]
RAW_TEXT: "Our computer models predict a 2°C temperature increase will trigger a 30% collapse in regional crop yields by the year 2060."
--------------------------------------------------------
[TIMESTAMP: 1787853629] [ERROR: SVI-L101] [PARAGRAPH: 3] [DETAILS: Circular reasoning pattern identified.]
RAW_TEXT: "The simulation outputs definitively confirm that the core parameters of our climate model are correct."
--------------------------------------------------------
[TIMESTAMP: 1787853629] [ERROR: SVI-L201] [PARAGRAPH: 4] [DETAILS: Absolute outcome claimed with zero explicit parameter metrics.]
RAW_TEXT: "Regional infrastructure will completely fail by mid-century."
--------------------------------------------------------
[TIMESTAMP: 1787853634] [ERROR: SVI-L402] [PARAGRAPH: 1] [DETAILS: Unhedged deterministic timeline overreach.]
RAW_TEXT: "Our computer models predict a 2°C temperature increase will trigger a 30% collapse in regional crop yields by the year 2060."
--------------------------------------------------------
[TIMESTAMP: 1787853634] [ERROR: SVI-L101] [PARAGRAPH: 3] [DETAILS: Circular reasoning pattern identified.]
RAW_TEXT: "The simulation outputs definitively confirm that the core parameters of our climate model are correct."
--------------------------------------------------------
[TIMESTAMP: 1787853634] [ERROR: SVI-L201] [PARAGRAPH: 4] [DETAILS: Absolute outcome claimed with zero explicit parameter metrics.]
RAW_TEXT: "Regional infrastructure will completely fail by mid-century."
--------------------------------------------------------
[TIMESTAMP: 1787853639] [ERROR: SVI-L402] [PARAGRAPH: 1] [DETAILS: Unhedged deterministic timeline overreach.]
RAW_TEXT: "Our computer models predict a 2°C temperature increase will trigger a 30% collapse in regional crop yields by the year 2060."
--------------------------------------------------------
[TIMESTAMP: 1787853639] [ERROR: SVI-L101] [PARAGRAPH: 3] [DETAILS: Circular reasoning pattern identified.]
RAW_TEXT: "The simulation outputs definitively confirm that the core parameters of our climate model are correct."
--------------------------------------------------------
[TIMESTAMP: 1787853639] [ERROR: SVI-L201] [PARAGRAPH: 4] [DETAILS: Absolute outcome claimed with zero explicit parameter metrics.]
RAW_TEXT: "Regional infrastructure will completely fail by mid-century."
--------------------------------------------------------
[TIMESTAMP: 1787853645] [ERROR: SVI-L402] [PARAGRAPH: 1] [DETAILS: Unhedged deterministic timeline overreach.]
RAW_TEXT: "Our computer models predict a 2°C temperature increase will trigger a 30% collapse in regional crop yields by the year 2060."
--------------------------------------------------------
[TIMESTAMP: 1787853645] [ERROR: SVI-L101] [PARAGRAPH: 3] [DETAILS: Circular reasoning pattern identified.]
RAW_TEXT: "The simulation outputs definitively confirm that the core parameters of our climate model are correct."
--------------------------------------------------------
[TIMESTAMP: 1787853645] [ERROR: SVI-L201] [PARAGRAPH: 4] [DETAILS: Absolute outcome claimed with zero explicit parameter metrics.]
RAW_TEXT: "Regional infrastructure will completely fail by mid-century."
--------------------------------------------------------
[TIMESTAMP: 1787853649] [ERROR: SVI-L402] [PARAGRAPH: 1] [DETAILS: Unhedged deterministic timeline overreach.]
RAW_TEXT: "Our computer models predict a 2°C temperature increase will trigger a 30% collapse in regional crop yields by the year 2060."
--------------------------------------------------------
[TIMESTAMP: 1787853649] [ERROR: SVI-L101] [PARAGRAPH: 3] [DETAILS: Circular reasoning pattern identified.]
RAW_TEXT: "The simulation outputs definitively confirm that the core parameters of our climate model are correct."
--------------------------------------------------------
[TIMESTAMP: 1787853649] [ERROR: SVI-L201] [PARAGRAPH: 4] [DETAILS: Absolute outcome claimed with zero explicit parameter metrics.]
RAW_TEXT: "Regional infrastructure will completely fail by mid-century."
--------------------------------------------------------
[TIMESTAMP: 1787853653] [ERROR: SVI-L402] [PARAGRAPH: 1] [DETAILS: Unhedged deterministic timeline overreach.]
RAW_TEXT: "Our computer models predict a 2°C temperature increase will trigger a 30% collapse in regional crop yields by the year 2060."
--------------------------------------------------------
[TIMESTAMP: 1787853653] [ERROR: SVI-L101] [PARAGRAPH: 3] [DETAILS: Circular reasoning pattern identified.]
RAW_TEXT: "The simulation outputs definitively confirm that the core parameters of our climate model are correct."
--------------------------------------------------------
[TIMESTAMP: 1787853653] [ERROR: SVI-L201] [PARAGRAPH: 4] [DETAILS: Absolute outcome claimed with zero explicit parameter metrics.]
RAW_TEXT: "Regional infrastructure will completely fail by mid-century."
--------------------------------------------------------
[TIMESTAMP: 1787853659] [ERROR: SVI-L402] [PARAGRAPH: 1] [DETAILS: Unhedged deterministic timeline overreach.]
RAW_TEXT: "Our computer models predict a 2°C temperature increase will trigger a 30% collapse in regional crop yields by the year 2060."
--------------------------------------------------------
[TIMESTAMP: 1787853659] [ERROR: SVI-L101] [PARAGRAPH: 3] [DETAILS: Circular reasoning pattern identified.]
RAW_TEXT: "The simulation outputs definitively confirm that the core parameters of our climate model are correct."
--------------------------------------------------------
[TIMESTAMP: 1787853659] [ERROR: SVI-L201] [PARAGRAPH: 4] [DETAILS: Absolute outcome claimed with zero explicit parameter metrics.]
RAW_TEXT: "Regional infrastructure will completely fail by mid-century."
--------------------------------------------------------
[TIMESTAMP: 1787853699] [ERROR: SVI-L402] [PARAGRAPH: 1] [DETAILS: Unhedged deterministic timeline overreach.]
RAW_TEXT: "Our computer models predict a 2°C temperature increase will trigger a 30% collapse in regional crop yields by the year 2060."
--------------------------------------------------------
[TIMESTAMP: 1787853699] [ERROR: SVI-L101] [PARAGRAPH: 3] [DETAILS: Circular reasoning pattern identified.]
RAW_TEXT: "The simulation outputs definitively confirm that the core parameters of our climate model are correct."
--------------------------------------------------------
[TIMESTAMP: 1787853699] [ERROR: SVI-L201] [PARAGRAPH: 4] [DETAILS: Absolute outcome claimed with zero explicit parameter metrics.]
RAW_TEXT: "Regional infrastructure will completely fail by mid-century."
--------------------------------------------------------
[TIMESTAMP: 1787853704] [ERROR: SVI-L402] [PARAGRAPH: 1] [DETAILS: Unhedged deterministic timeline overreach.]
RAW_TEXT: "Our computer models predict a 2°C temperature increase will trigger a 30% collapse in regional crop yields by the year 2060."
--------------------------------------------------------
[TIMESTAMP: 1787853704] [ERROR: SVI-L101] [PARAGRAPH: 3] [DETAILS: Circular reasoning pattern identified.]
RAW_TEXT: "The simulation outputs definitively confirm that the core parameters of our climate model are correct."
--------------------------------------------------------
[TIMESTAMP: 1787853704] [ERROR: SVI-L201] [PARAGRAPH: 4] [DETAILS: Absolute outcome claimed with zero explicit parameter metrics.]
RAW_TEXT: "Regional infrastructure will completely fail by mid-century."
--------------------------------------------------------
[TIMESTAMP: 1787853709] [ERROR: SVI-L402] [PARAGRAPH: 1] [DETAILS: Unhedged deterministic timeline overreach.]
RAW_TEXT: "Our computer models predict a 2°C temperature increase will trigger a 30% collapse in regional crop yields by the year 2060."
--------------------------------------------------------
[TIMESTAMP: 1787853709] [ERROR: SVI-L101] [PARAGRAPH: 3] [DETAILS: Circular reasoning pattern identified.]
RAW_TEXT: "The simulation outputs definitively confirm that the core parameters of our climate model are correct."
--------------------------------------------------------
[TIMESTAMP: 1787853709] [ERROR: SVI-L201] [PARAGRAPH: 4] [DETAILS: Absolute outcome claimed with zero explicit parameter metrics.]
RAW_TEXT: "Regional infrastructure will completely fail by mid-century."
--------------------------------------------------------
[TIMESTAMP: 1787853713] [ERROR: SVI-L402] [PARAGRAPH: 1] [DETAILS: Unhedged deterministic timeline overreach.]
RAW_TEXT: "Our computer models predict a 2°C temperature increase will trigger a 30% collapse in regional crop yields by the year 2060."
--------------------------------------------------------
[TIMESTAMP: 1787853713] [ERROR: SVI-L101] [PARAGRAPH: 3] [DETAILS: Circular reasoning pattern identified.]
RAW_TEXT: "The simulation outputs definitively confirm that the core parameters of our climate model are correct."
--------------------------------------------------------
[TIMESTAMP: 1787853713] [ERROR: SVI-L201] [PARAGRAPH: 4] [DETAILS: Absolute outcome claimed with zero explicit parameter metrics.]
RAW_TEXT: "Regional infrastructure will completely fail by mid-century."
--------------------------------------------------------
[TIMESTAMP: 1787853719] [ERROR: SVI-L402] [PARAGRAPH: 1] [DETAILS: Unhedged deterministic timeline overreach.]
RAW_TEXT: "Our computer models predict a 2°C temperature increase will trigger a 30% collapse in regional crop yields by the year 2060."
--------------------------------------------------------
[TIMESTAMP: 1787853719] [ERROR: SVI-L101] [PARAGRAPH: 3] [DETAILS: Circular reasoning pattern identified.]
RAW_TEXT: "The simulation outputs definitively confirm that the core parameters of our climate model are correct."
--------------------------------------------------------
[TIMESTAMP: 1787853719] [ERROR: SVI-L201] [PARAGRAPH: 4] [DETAILS: Absolute outcome claimed with zero explicit parameter metrics.]
RAW_TEXT: "Regional infrastructure will completely fail by mid-century."
--------------------------------------------------------
[TIMESTAMP: 1787853724] [ERROR: SVI-L402] [PARAGRAPH: 1] [DETAILS: Unhedged deterministic timeline overreach.]
RAW_TEXT: "Our computer models predict a 2°C temperature increase will trigger a 30% collapse in regional crop yields by the year 2060."
--------------------------------------------------------
[TIMESTAMP: 1787853724] [ERROR: SVI-L101] [PARAGRAPH: 3] [DETAILS: Circular reasoning pattern identified.]
RAW_TEXT: "The simulation outputs definitively confirm that the core parameters of our climate model are correct."
--------------------------------------------------------
[TIMESTAMP: 1787853724] [ERROR: SVI-L201] [PARAGRAPH: 4] [DETAILS: Absolute outcome claimed with zero explicit parameter metrics.]
RAW_TEXT: "Regional infrastructure will completely fail by mid-century."
--------------------------------------------------------
[TIMESTAMP: 1787853729] [ERROR: SVI-L402] [PARAGRAPH: 1] [DETAILS: Unhedged deterministic timeline overreach.]
RAW_TEXT: "Our computer models predict a 2°C temperature increase will trigger a 30% collapse in regional crop yields by the year 2060."
--------------------------------------------------------
[TIMESTAMP: 1787853729] [ERROR: SVI-L101] [PARAGRAPH: 3] [DETAILS: Circular reasoning pattern identified.]
RAW_TEXT: "The simulation outputs definitively confirm that the core parameters of our climate model are correct."
--------------------------------------------------------
[TIMESTAMP: 1787853729] [ERROR: SVI-L201] [PARAGRAPH: 4] [DETAILS: Absolute outcome claimed with zero explicit parameter metrics.]
RAW_TEXT: "Regional infrastructure will completely fail by mid-century."
--------------------------------------------------------
[TIMESTAMP: 1787853734] [ERROR: SVI-L402] [PARAGRAPH: 1] [DETAILS: Unhedged deterministic timeline overreach.]
RAW_TEXT: "Our computer models predict a 2°C temperature increase will trigger a 30% collapse in regional crop yields by the year 2060."
--------------------------------------------------------
[TIMESTAMP: 1787853734] [ERROR: SVI-L101] [PARAGRAPH: 3] [DETAILS: Circular reasoning pattern identified.]
RAW_TEXT: "The simulation outputs definitively confirm that the core parameters of our climate model are correct."
--------------------------------------------------------
[TIMESTAMP: 1787853734] [ERROR: SVI-L201] [PARAGRAPH: 4] [DETAILS: Absolute outcome claimed with zero explicit parameter metrics.]
RAW_TEXT: "Regional infrastructure will completely fail by mid-century."
--------------------------------------------------------
[TIMESTAMP: 1787853739] [ERROR: SVI-L402] [PARAGRAPH: 1] [DETAILS: Unhedged deterministic timeline overreach.]
RAW_TEXT: "Our computer models predict a 2°C temperature increase will trigger a 30% collapse in regional crop yields by the year 2060."
--------------------------------------------------------
[TIMESTAMP: 1787853739] [ERROR: SVI-L101] [PARAGRAPH: 3] [DETAILS: Circular reasoning pattern identified.]
RAW_TEXT: "The simulation outputs definitively confirm that the core parameters of our climate model are correct."
--------------------------------------------------------
[TIMESTAMP: 1787853739] [ERROR: SVI-L201] [PARAGRAPH: 4] [DETAILS: Absolute outcome claimed with zero explicit parameter metrics.]
RAW_TEXT: "Regional infrastructure will completely fail by mid-century."
--------------------------------------------------------
[TIMESTAMP: 1787853744] [ERROR: SVI-L402] [PARAGRAPH: 1] [DETAILS: Unhedged deterministic timeline overreach.]
RAW_TEXT: "Our computer models predict a 2°C temperature increase will trigger a 30% collapse in regional crop yields by the year 2060."
--------------------------------------------------------
[TIMESTAMP: 1787853744] [ERROR: SVI-L101] [PARAGRAPH: 3] [DETAILS: Circular reasoning pattern identified.]
RAW_TEXT: "The simulation outputs definitively confirm that the core parameters of our climate model are correct."
--------------------------------------------------------
[TIMESTAMP: 1787853744] [ERROR: SVI-L201] [PARAGRAPH: 4] [DETAILS: Absolute outcome claimed with zero explicit parameter metrics.]
RAW_TEXT: "Regional infrastructure will completely fail by mid-century."
--------------------------------------------------------
[TIMESTAMP: 1787853749] [ERROR: SVI-L402] [PARAGRAPH: 1] [DETAILS: Unhedged deterministic timeline overreach.]
RAW_TEXT: "Our computer models predict a 2°C temperature increase will trigger a 30% collapse in regional crop yields by the year 2060."
--------------------------------------------------------
[TIMESTAMP: 1787853749] [ERROR: SVI-L101] [PARAGRAPH: 3] [DETAILS: Circular reasoning pattern identified.]
RAW_TEXT: "The simulation outputs definitively confirm that the core parameters of our climate model are correct."
--------------------------------------------------------
[TIMESTAMP: 1787853749] [ERROR: SVI-L201] [PARAGRAPH: 4] [DETAILS: Absolute outcome claimed with zero explicit parameter metrics.]
RAW_TEXT: "Regional infrastructure will completely fail by mid-century."
--------------------------------------------------------
[TIMESTAMP: 1787853755] [ERROR: SVI-L402] [PARAGRAPH: 1] [DETAILS: Unhedged deterministic timeline overreach.]
RAW_TEXT: "Our computer models predict a 2°C temperature increase will trigger a 30% collapse in regional crop yields by the year 2060."
--------------------------------------------------------
[TIMESTAMP: 1787853756] [ERROR: SVI-L101] [PARAGRAPH: 3] [DETAILS: Circular reasoning pattern identified.]
RAW_TEXT: "The simulation outputs definitively confirm that the core parameters of our climate model are correct."
--------------------------------------------------------
[TIMESTAMP: 1787853756] [ERROR: SVI-L201] [PARAGRAPH: 4] [DETAILS: Absolute outcome claimed with zero explicit parameter metrics.]
RAW_TEXT: "Regional infrastructure will completely fail by mid-century."
--------------------------------------------------------
[TIMESTAMP: 1787853761] [ERROR: SVI-L402] [PARAGRAPH: 1] [DETAILS: Unhedged deterministic timeline overreach.]
RAW_TEXT: "Our computer models predict a 2°C temperature increase will trigger a 30% collapse in regional crop yields by the year 2060."
--------------------------------------------------------
[TIMESTAMP: 1787853761] [ERROR: SVI-L101] [PARAGRAPH: 3] [DETAILS: Circular reasoning pattern identified.]
RAW_TEXT: "The simulation outputs definitively confirm that the core parameters of our climate model are correct."
--------------------------------------------------------
[TIMESTAMP: 1787853761] [ERROR: SVI-L201] [PARAGRAPH: 4] [DETAILS: Absolute outcome claimed with zero explicit parameter metrics.]
RAW_TEXT: "Regional infrastructure will completely fail by mid-century."
--------------------------------------------------------
[TIMESTAMP: 1787853767] [ERROR: SVI-L402] [PARAGRAPH: 1] [DETAILS: Unhedged deterministic timeline overreach.]
RAW_TEXT: "Our computer models predict a 2°C temperature increase will trigger a 30% collapse in regional crop yields by the year 2060."
--------------------------------------------------------
[TIMESTAMP: 1787853767] [ERROR: SVI-L101] [PARAGRAPH: 3] [DETAILS: Circular reasoning pattern identified.]
RAW_TEXT: "The simulation outputs definitively confirm that the core parameters of our climate model are correct."
--------------------------------------------------------
[TIMESTAMP: 1787853767] [ERROR: SVI-L201] [PARAGRAPH: 4] [DETAILS: Absolute outcome claimed with zero explicit parameter metrics.]
RAW_TEXT: "Regional infrastructure will completely fail by mid-century."
--------------------------------------------------------
[TIMESTAMP: 1787853774] [ERROR: SVI-L402] [PARAGRAPH: 1] [DETAILS: Unhedged deterministic timeline overreach.]
RAW_TEXT: "Our computer models predict a 2°C temperature increase will trigger a 30% collapse in regional crop yields by the year 2060."
--------------------------------------------------------
[TIMESTAMP: 1787853774] [ERROR: SVI-L101] [PARAGRAPH: 3] [DETAILS: Circular reasoning pattern identified.]
RAW_TEXT: "The simulation outputs definitively confirm that the core parameters of our climate model are correct."
--------------------------------------------------------
[TIMESTAMP: 1787853774] [ERROR: SVI-L201] [PARAGRAPH: 4] [DETAILS: Absolute outcome claimed with zero explicit parameter metrics.]
RAW_TEXT: "Regional infrastructure will completely fail by mid-century."
--------------------------------------------------------
[TIMESTAMP: 1787853986] [ERROR: SVI-L402] [PARAGRAPH: 1] [DETAILS: Unhedged deterministic timeline overreach.]
RAW_TEXT: "Our computer models predict a 2°C temperature increase will trigger a 30% collapse in regional crop yields by the year 2060."
--------------------------------------------------------
[TIMESTAMP: 1787853986] [ERROR: SVI-L101] [PARAGRAPH: 3] [DETAILS: Circular reasoning pattern identified.]
RAW_TEXT: "The simulation outputs definitively confirm that the core parameters of our climate model are correct."
--------------------------------------------------------
[TIMESTAMP: 1787853986] [ERROR: SVI-L201] [PARAGRAPH: 4] [DETAILS: Absolute outcome claimed with zero explicit parameter metrics.]
RAW_TEXT: "Regional infrastructure will completely fail by mid-century."
--------------------------------------------------------
[TIMESTAMP: 1787853986] [ERROR: SVI-L201] [PARAGRAPH: 5] [DETAILS: Absolute outcome claimed with zero explicit parameter metrics.]
RAW_TEXT: "Experts agree that regional crop yields face an unprecedented collapse."
--------------------------------------------------------
[TIMESTAMP: 1787853989] [ERROR: SVI-L402] [PARAGRAPH: 1] [DETAILS: Unhedged deterministic timeline overreach.]
RAW_TEXT: "Our computer models predict a 2°C temperature increase will trigger a 30% collapse in regional crop yields by the year 2060."
--------------------------------------------------------
[TIMESTAMP: 1787853989] [ERROR: SVI-L101] [PARAGRAPH: 3] [DETAILS: Circular reasoning pattern identified.]
RAW_TEXT: "The simulation outputs definitively confirm that the core parameters of our climate model are correct."
--------------------------------------------------------
[TIMESTAMP: 1787853989] [ERROR: SVI-L201] [PARAGRAPH: 4] [DETAILS: Absolute outcome claimed with zero explicit parameter metrics.]
RAW_TEXT: "Regional infrastructure will completely fail by mid-century."
--------------------------------------------------------
[TIMESTAMP: 1787853989] [ERROR: SVI-L201] [PARAGRAPH: 5] [DETAILS: Absolute outcome claimed with zero explicit parameter metrics.]
RAW_TEXT: "Experts agree that regional crop yields face an unprecedented collapse."
--------------------------------------------------------
[TIMESTAMP: 1787853993] [ERROR: SVI-L402] [PARAGRAPH: 1] [DETAILS: Unhedged deterministic timeline overreach.]
RAW_TEXT: "Our computer models predict a 2°C temperature increase will trigger a 30% collapse in regional crop yields by the year 2060."
--------------------------------------------------------
[TIMESTAMP: 1787853993] [ERROR: SVI-L101] [PARAGRAPH: 3] [DETAILS: Circular reasoning pattern identified.]
RAW_TEXT: "The simulation outputs definitively confirm that the core parameters of our climate model are correct."
--------------------------------------------------------
[TIMESTAMP: 1787853993] [ERROR: SVI-L201] [PARAGRAPH: 4] [DETAILS: Absolute outcome claimed with zero explicit parameter metrics.]
RAW_TEXT: "Regional infrastructure will completely fail by mid-century."
--------------------------------------------------------
[TIMESTAMP: 1787853993] [ERROR: SVI-L201] [PARAGRAPH: 5] [DETAILS: Absolute outcome claimed with zero explicit parameter metrics.]
RAW_TEXT: "Experts agree that regional crop yields face an unprecedented collapse."
--------------------------------------------------------
[TIMESTAMP: 1787853997] [ERROR: SVI-L402] [PARAGRAPH: 1] [DETAILS: Unhedged deterministic timeline overreach.]
RAW_TEXT: "Our computer models predict a 2°C temperature increase will trigger a 30% collapse in regional crop yields by the year 2060."
--------------------------------------------------------
[TIMESTAMP: 1787853997] [ERROR: SVI-L101] [PARAGRAPH: 3] [DETAILS: Circular reasoning pattern identified.]
RAW_TEXT: "The simulation outputs definitively confirm that the core parameters of our climate model are correct."
--------------------------------------------------------
[TIMESTAMP: 1787853997] [ERROR: SVI-L201] [PARAGRAPH: 4] [DETAILS: Absolute outcome claimed with zero explicit parameter metrics.]
RAW_TEXT: "Regional infrastructure will completely fail by mid-century."
--------------------------------------------------------
[TIMESTAMP: 1787853997] [ERROR: SVI-L201] [PARAGRAPH: 5] [DETAILS: Absolute outcome claimed with zero explicit parameter metrics.]
RAW_TEXT: "Experts agree that regional crop yields face an unprecedented collapse."
--------------------------------------------------------
[TIMESTAMP: 1787854001] [ERROR: SVI-L402] [PARAGRAPH: 1] [DETAILS: Unhedged deterministic timeline overreach.]
RAW_TEXT: "Our computer models predict a 2°C temperature increase will trigger a 30% collapse in regional crop yields by the year 2060."
--------------------------------------------------------
[TIMESTAMP: 1787854001] [ERROR: SVI-L101] [PARAGRAPH: 3] [DETAILS: Circular reasoning pattern identified.]
RAW_TEXT: "The simulation outputs definitively confirm that the core parameters of our climate model are correct."
--------------------------------------------------------
[TIMESTAMP: 1787854001] [ERROR: SVI-L201] [PARAGRAPH: 4] [DETAILS: Absolute outcome claimed with zero explicit parameter metrics.]
RAW_TEXT: "Regional infrastructure will completely fail by mid-century."
--------------------------------------------------------
[TIMESTAMP: 1787854001] [ERROR: SVI-L201] [PARAGRAPH: 5] [DETAILS: Absolute outcome claimed with zero explicit parameter metrics.]
RAW_TEXT: "Experts agree that regional crop yields face an unprecedented collapse."
--------------------------------------------------------
[TIMESTAMP: 1787854005] [ERROR: SVI-L402] [PARAGRAPH: 1] [DETAILS: Unhedged deterministic timeline overreach.]
RAW_TEXT: "Our computer models predict a 2°C temperature increase will trigger a 30% collapse in regional crop yields by the year 2060."
--------------------------------------------------------
[TIMESTAMP: 1787854005] [ERROR: SVI-L101] [PARAGRAPH: 3] [DETAILS: Circular reasoning pattern identified.]
RAW_TEXT: "The simulation outputs definitively confirm that the core parameters of our climate model are correct."
--------------------------------------------------------
[TIMESTAMP: 1787854005] [ERROR: SVI-L201] [PARAGRAPH: 4] [DETAILS: Absolute outcome claimed with zero explicit parameter metrics.]
RAW_TEXT: "Regional infrastructure will completely fail by mid-century."
--------------------------------------------------------
[TIMESTAMP: 1787854005] [ERROR: SVI-L201] [PARAGRAPH: 5] [DETAILS: Absolute outcome claimed with zero explicit parameter metrics.]
RAW_TEXT: "Experts agree that regional crop yields face an unprecedented collapse."
--------------------------------------------------------
[TIMESTAMP: 1787854009] [ERROR: SVI-L402] [PARAGRAPH: 1] [DETAILS: Unhedged deterministic timeline overreach.]
RAW_TEXT: "Our computer models predict a 2°C temperature increase will trigger a 30% collapse in regional crop yields by the year 2060."
--------------------------------------------------------
[TIMESTAMP: 1787854009] [ERROR: SVI-L101] [PARAGRAPH: 3] [DETAILS: Circular reasoning pattern identified.]
RAW_TEXT: "The simulation outputs definitively confirm that the core parameters of our climate model are correct."
--------------------------------------------------------
[TIMESTAMP: 1787854009] [ERROR: SVI-L201] [PARAGRAPH: 4] [DETAILS: Absolute outcome claimed with zero explicit parameter metrics.]
RAW_TEXT: "Regional infrastructure will completely fail by mid-century."
--------------------------------------------------------
[TIMESTAMP: 1787854009] [ERROR: SVI-L201] [PARAGRAPH: 5] [DETAILS: Absolute outcome claimed with zero explicit parameter metrics.]
RAW_TEXT: "Experts agree that regional crop yields face an unprecedented collapse."
--------------------------------------------------------
[TIMESTAMP: 1787854013] [ERROR: SVI-L402] [PARAGRAPH: 1] [DETAILS: Unhedged deterministic timeline overreach.]
RAW_TEXT: "Our computer models predict a 2°C temperature increase will trigger a 30% collapse in regional crop yields by the year 2060."
--------------------------------------------------------
[TIMESTAMP: 1787854013] [ERROR: SVI-L101] [PARAGRAPH: 3] [DETAILS: Circular reasoning pattern identified.]
RAW_TEXT: "The simulation outputs definitively confirm that the core parameters of our climate model are correct."
--------------------------------------------------------
[TIMESTAMP: 1787854013] [ERROR: SVI-L201] [PARAGRAPH: 4] [DETAILS: Absolute outcome claimed with zero explicit parameter metrics.]
RAW_TEXT: "Regional infrastructure will completely fail by mid-century."
--------------------------------------------------------
[TIMESTAMP: 1787854013] [ERROR: SVI-L201] [PARAGRAPH: 5] [DETAILS: Absolute outcome claimed with zero explicit parameter metrics.]
RAW_TEXT: "Experts agree that regional crop yields face an unprecedented collapse."
--------------------------------------------------------
[TIMESTAMP: 1787854017] [ERROR: SVI-L402] [PARAGRAPH: 1] [DETAILS: Unhedged deterministic timeline overreach.]
RAW_TEXT: "Our computer models predict a 2°C temperature increase will trigger a 30% collapse in regional crop yields by the year 2060."
--------------------------------------------------------
[TIMESTAMP: 1787854017] [ERROR: SVI-L101] [PARAGRAPH: 3] [DETAILS: Circular reasoning pattern identified.]
RAW_TEXT: "The simulation outputs definitively confirm that the core parameters of our climate model are correct."
--------------------------------------------------------
[TIMESTAMP: 1787854017] [ERROR: SVI-L201] [PARAGRAPH: 4] [DETAILS: Absolute outcome claimed with zero explicit parameter metrics.]
RAW_TEXT: "Regional infrastructure will completely fail by mid-century."
--------------------------------------------------------
[TIMESTAMP: 1787854017] [ERROR: SVI-L201] [PARAGRAPH: 5] [DETAILS: Absolute outcome claimed with zero explicit parameter metrics.]
RAW_TEXT: "Experts agree that regional crop yields face an unprecedented collapse."
--------------------------------------------------------
[TIMESTAMP: 1787854239] [ERROR: SVI-L402] [PARAGRAPH: 1] [DETAILS: Unhedged deterministic timeline overreach.]
RAW_TEXT: "Our computer models predict a 2°C temperature increase will trigger a 30% collapse in regional crop yields by the year 2060."
--------------------------------------------------------
[TIMESTAMP: 1787854239] [ERROR: SVI-L101] [PARAGRAPH: 3] [DETAILS: Circular reasoning pattern identified.]
RAW_TEXT: "The simulation outputs definitively confirm that the core parameters of our climate model are correct."
--------------------------------------------------------
[TIMESTAMP: 1787854239] [ERROR: SVI-L201] [PARAGRAPH: 4] [DETAILS: Absolute outcome claimed with zero explicit parameter metrics.]
RAW_TEXT: "Regional infrastructure will completely fail by mid-century."
--------------------------------------------------------
[TIMESTAMP: 1787854239] [ERROR: SVI-L301] [PARAGRAPH: 5] [DETAILS: Rhetorical consensus used to substitute empirical variable metrics.]
RAW_TEXT: "Experts agree that regional crop yields face an unprecedented collapse."
--------------------------------------------------------
[TIMESTAMP: 1787854243] [ERROR: SVI-L402] [PARAGRAPH: 1] [DETAILS: Unhedged deterministic timeline overreach.]
RAW_TEXT: "Our computer models predict a 2°C temperature increase will trigger a 30% collapse in regional crop yields by the year 2060."
--------------------------------------------------------
[TIMESTAMP: 1787854243] [ERROR: SVI-L101] [PARAGRAPH: 3] [DETAILS: Circular reasoning pattern identified.]
RAW_TEXT: "The simulation outputs definitively confirm that the core parameters of our climate model are correct."
--------------------------------------------------------
[TIMESTAMP: 1787854243] [ERROR: SVI-L201] [PARAGRAPH: 4] [DETAILS: Absolute outcome claimed with zero explicit parameter metrics.]
RAW_TEXT: "Regional infrastructure will completely fail by mid-century."
--------------------------------------------------------
[TIMESTAMP: 1787854243] [ERROR: SVI-L301] [PARAGRAPH: 5] [DETAILS: Rhetorical consensus used to substitute empirical variable metrics.]
RAW_TEXT: "Experts agree that regional crop yields face an unprecedented collapse."
--------------------------------------------------------
[TIMESTAMP: 1787854247] [ERROR: SVI-L402] [PARAGRAPH: 1] [DETAILS: Unhedged deterministic timeline overreach.]
RAW_TEXT: "Our computer models predict a 2°C temperature increase will trigger a 30% collapse in regional crop yields by the year 2060."
--------------------------------------------------------
[TIMESTAMP: 1787854247] [ERROR: SVI-L101] [PARAGRAPH: 3] [DETAILS: Circular reasoning pattern identified.]
RAW_TEXT: "The simulation outputs definitively confirm that the core parameters of our climate model are correct."
--------------------------------------------------------
[TIMESTAMP: 1787854247] [ERROR: SVI-L201] [PARAGRAPH: 4] [DETAILS: Absolute outcome claimed with zero explicit parameter metrics.]
RAW_TEXT: "Regional infrastructure will completely fail by mid-century."
--------------------------------------------------------
[TIMESTAMP: 1787854247] [ERROR: SVI-L301] [PARAGRAPH: 5] [DETAILS: Rhetorical consensus used to substitute empirical variable metrics.]
RAW_TEXT: "Experts agree that regional crop yields face an unprecedented collapse."
--------------------------------------------------------
[TIMESTAMP: 1787854361] [ERROR: SVI-L402] [PARAGRAPH: 1] [DETAILS: Unhedged deterministic timeline overreach.]
RAW_TEXT: "Our computer models predict a 2°C temperature increase will trigger a 30% collapse in regional crop yields by the year 2060."
--------------------------------------------------------
[TIMESTAMP: 1787854361] [ERROR: SVI-L101] [PARAGRAPH: 3] [DETAILS: Circular reasoning pattern identified.]
RAW_TEXT: "The simulation outputs definitively confirm that the core parameters of our climate model are correct."
--------------------------------------------------------
[TIMESTAMP: 1787854361] [ERROR: SVI-L201] [PARAGRAPH: 4] [DETAILS: Absolute outcome claimed with zero explicit parameter metrics.]
RAW_TEXT: "Regional infrastructure will completely fail by mid-century."
--------------------------------------------------------
[TIMESTAMP: 1787854361] [ERROR: SVI-L301] [PARAGRAPH: 5] [DETAILS: Rhetorical consensus used to substitute empirical variable metrics.]
RAW_TEXT: "Experts agree that regional crop yields face an unprecedented collapse."
--------------------------------------------------------
[TIMESTAMP: 1787854795] [ERROR: SVI-L402] [PARAGRAPH: 1] [DETAILS: Unhedged deterministic timeline overreach.]
RAW_TEXT: "Our computer models predict a 2°C temperature increase will trigger a 30% collapse in regional crop yields by the year 2060."
--------------------------------------------------------
[TIMESTAMP: 1787854795] [ERROR: SVI-L101] [PARAGRAPH: 3] [DETAILS: Circular reasoning pattern identified.]
RAW_TEXT: "The simulation outputs definitively confirm that the core parameters of our climate model are correct."
--------------------------------------------------------
[TIMESTAMP: 1787854795] [ERROR: SVI-L201] [PARAGRAPH: 4] [DETAILS: Absolute outcome claimed with zero explicit parameter metrics.]
RAW_TEXT: "Regional infrastructure will completely fail by mid-century."
--------------------------------------------------------
[TIMESTAMP: 1787854795] [ERROR: SVI-L301] [PARAGRAPH: 5] [DETAILS: Rhetorical consensus used to substitute empirical variable metrics.]
RAW_TEXT: "Experts agree that regional crop yields face an unprecedented collapse."
--------------------------------------------------------
[TIMESTAMP: 1787855136] [ERROR: SVI-L402] [PARAGRAPH: 1] [DETAILS: Unhedged deterministic timeline overreach.]
RAW_TEXT: "Our computer models predict a 2°C temperature increase will trigger a 30% collapse in regional crop yields by the year 2060."
--------------------------------------------------------
[TIMESTAMP: 1787855136] [ERROR: SVI-L101] [PARAGRAPH: 3] [DETAILS: Circular reasoning pattern identified.]
RAW_TEXT: "The simulation outputs definitively confirm that the core parameters of our climate model are correct."
--------------------------------------------------------
[TIMESTAMP: 1787855136] [ERROR: SVI-L201] [PARAGRAPH: 4] [DETAILS: Absolute outcome claimed with zero explicit parameter metrics.]
RAW_TEXT: "Regional infrastructure will completely fail by mid-century."
--------------------------------------------------------
[TIMESTAMP: 1787855136] [ERROR: SVI-L301] [PARAGRAPH: 5] [DETAILS: Rhetorical consensus used to substitute empirical variable metrics.]
RAW_TEXT: "Experts agree that regional crop yields face an unprecedented collapse."
--------------------------------------------------------
[TIMESTAMP: 1787855140] [ERROR: SVI-L402] [PARAGRAPH: 1] [DETAILS: Unhedged deterministic timeline overreach.]
RAW_TEXT: "Our computer models predict a 2°C temperature increase will trigger a 30% collapse in regional crop yields by the year 2060."
--------------------------------------------------------
[TIMESTAMP: 1787855140] [ERROR: SVI-L101] [PARAGRAPH: 3] [DETAILS: Circular reasoning pattern identified.]
RAW_TEXT: "The simulation outputs definitively confirm that the core parameters of our climate model are correct."
--------------------------------------------------------
[TIMESTAMP: 1787855140] [ERROR: SVI-L201] [PARAGRAPH: 4] [DETAILS: Absolute outcome claimed with zero explicit parameter metrics.]
RAW_TEXT: "Regional infrastructure will completely fail by mid-century."
--------------------------------------------------------
[TIMESTAMP: 1787855140] [ERROR: SVI-L301] [PARAGRAPH: 5] [DETAILS: Rhetorical consensus used to substitute empirical variable metrics.]
RAW_TEXT: "Experts agree that regional crop yields face an unprecedented collapse."
--------------------------------------------------------
[TIMESTAMP: 1787855332] [ERROR: SVI-L402] [PARAGRAPH: 1] [DETAILS: Unhedged deterministic timeline overreach.]
RAW_TEXT: "Our computer models predict a 2°C temperature increase will trigger a 30% collapse in regional crop yields by the year 2060."
--------------------------------------------------------
[TIMESTAMP: 1787855332] [ERROR: SVI-L101] [PARAGRAPH: 3] [DETAILS: Circular reasoning pattern identified.]
RAW_TEXT: "The simulation outputs definitively confirm that the core parameters of our climate model are correct."
--------------------------------------------------------
[TIMESTAMP: 1787855332] [ERROR: SVI-L201] [PARAGRAPH: 4] [DETAILS: Absolute outcome claimed with zero explicit parameter metrics.]
RAW_TEXT: "Regional infrastructure will completely fail by mid-century."
--------------------------------------------------------
[TIMESTAMP: 1787855332] [ERROR: SVI-L301] [PARAGRAPH: 5] [DETAILS: Rhetorical consensus used to substitute empirical variable metrics.]
RAW_TEXT: "Experts agree that regional crop yields face an unprecedented collapse."
--------------------------------------------------------
[TIMESTAMP: 1787855571] [ERROR: SVI-L402] [PARAGRAPH: 1] [DETAILS: Unhedged deterministic timeline overreach.]
RAW_TEXT: "Our computer models predict a 2°C temperature increase will trigger a 30% collapse in regional crop yields by the year 2060."
--------------------------------------------------------
[TIMESTAMP: 1787855571] [ERROR: SVI-L101] [PARAGRAPH: 3] [DETAILS: Circular reasoning pattern identified.]
RAW_TEXT: "The simulation outputs definitively confirm that the core parameters of our climate model are correct."
--------------------------------------------------------
[TIMESTAMP: 1787855571] [ERROR: SVI-L201] [PARAGRAPH: 4] [DETAILS: Absolute outcome claimed with zero explicit parameter metrics.]
RAW_TEXT: "Regional infrastructure will completely fail by mid-century."
--------------------------------------------------------
[TIMESTAMP: 1787855571] [ERROR: SVI-L301] [PARAGRAPH: 5] [DETAILS: Rhetorical consensus used to substitute empirical variable metrics.]
RAW_TEXT: "Experts agree that regional crop yields face an unprecedented collapse."
--------------------------------------------------------
